// Vitest Snapshot v1, https://vitest.dev/guide/snapshot.html

exports[`golden trajectory > matches the recorded golden array (fixed inputs → fixed outputs) 1`] = `
[
  {
    "airborneBlend": 0.066667,
    "phase": "anticipating",
    "scaleY": 0.85,
    "yOffset": 0,
  },
  {
    "airborneBlend": 0.133333,
    "phase": "anticipating",
    "scaleY": 0.85,
    "yOffset": 0,
  },
  {
    "airborneBlend": 0.2,
    "phase": "anticipating",
    "scaleY": 0.85,
    "yOffset": 0,
  },
  {
    "airborneBlend": 0.266667,
    "phase": "anticipating",
    "scaleY": 0.85,
    "yOffset": 0,
  },
  {
    "airborneBlend": 0.333333,
    "phase": "rising",
    "scaleY": 1.15,
    "yOffset": 0,
  },
  {
    "airborneBlend": 0.4,
    "phase": "rising",
    "scaleY": 1,
    "yOffset": -5.37415,
  },
  {
    "airborneBlend": 0.466667,
    "phase": "rising",
    "scaleY": 1,
    "yOffset": -10.408163,
  },
  {
    "airborneBlend": 0.533333,
    "phase": "rising",
    "scaleY": 1,
    "yOffset": -15.102041,
  },
  {
    "airborneBlend": 0.6,
    "phase": "rising",
    "scaleY": 1,
    "yOffset": -19.455782,
  },
  {
    "airborneBlend": 0.666667,
    "phase": "rising",
    "scaleY": 1,
    "yOffset": -23.469388,
  },
  {
    "airborneBlend": 0.733333,
    "phase": "rising",
    "scaleY": 1,
    "yOffset": -27.142857,
  },
  {
    "airborneBlend": 0.8,
    "phase": "rising",
    "scaleY": 1,
    "yOffset": -30.47619,
  },
  {
    "airborneBlend": 0.866667,
    "phase": "rising",
    "scaleY": 1,
    "yOffset": -33.469388,
  },
  {
    "airborneBlend": 0.933333,
    "phase": "rising",
    "scaleY": 1,
    "yOffset": -36.122449,
  },
  {
    "airborneBlend": 1,
    "phase": "rising",
    "scaleY": 1,
    "yOffset": -38.435374,
  },
  {
    "airborneBlend": 1,
    "phase": "rising",
    "scaleY": 1,
    "yOffset": -40.408163,
  },
  {
    "airborneBlend": 1,
    "phase": "rising",
    "scaleY": 1,
    "yOffset": -42.040816,
  },
  {
    "airborneBlend": 1,
    "phase": "rising",
    "scaleY": 1,
    "yOffset": -43.333333,
  },
  {
    "airborneBlend": 1,
    "phase": "rising",
    "scaleY": 1,
    "yOffset": -44.285714,
  },
  {
    "airborneBlend": 1,
    "phase": "rising",
    "scaleY": 1,
    "yOffset": -44.897959,
  },
  {
    "airborneBlend": 1,
    "phase": "rising",
    "scaleY": 1,
    "yOffset": -45.170068,
  },
  {
    "airborneBlend": 1,
    "phase": "falling",
    "scaleY": 1,
    "yOffset": -45.102041,
  },
  {
    "airborneBlend": 1,
    "phase": "falling",
    "scaleY": 1,
    "yOffset": -44.693878,
  },
  {
    "airborneBlend": 1,
    "phase": "falling",
    "scaleY": 1,
    "yOffset": -43.945578,
  },
  {
    "airborneBlend": 1,
    "phase": "falling",
    "scaleY": 1,
    "yOffset": -42.857143,
  },
  {
    "airborneBlend": 1,
    "phase": "falling",
    "scaleY": 1,
    "yOffset": -41.428571,
  },
  {
    "airborneBlend": 1,
    "phase": "falling",
    "scaleY": 1,
    "yOffset": -39.659864,
  },
  {
    "airborneBlend": 1,
    "phase": "falling",
    "scaleY": 1,
    "yOffset": -37.55102,
  },
  {
    "airborneBlend": 1,
    "phase": "falling",
    "scaleY": 1,
    "yOffset": -35.102041,
  },
  {
    "airborneBlend": 1,
    "phase": "falling",
    "scaleY": 1,
    "yOffset": -32.312925,
  },
  {
    "airborneBlend": 1,
    "phase": "falling",
    "scaleY": 1,
    "yOffset": -29.183673,
  },
  {
    "airborneBlend": 1,
    "phase": "falling",
    "scaleY": 1,
    "yOffset": -25.714286,
  },
  {
    "airborneBlend": 1,
    "phase": "falling",
    "scaleY": 1,
    "yOffset": -21.904762,
  },
  {
    "airborneBlend": 1,
    "phase": "falling",
    "scaleY": 1,
    "yOffset": -17.755102,
  },
  {
    "airborneBlend": 1,
    "phase": "falling",
    "scaleY": 1,
    "yOffset": -13.265306,
  },
  {
    "airborneBlend": 1,
    "phase": "falling",
    "scaleY": 1,
    "yOffset": -8.435374,
  },
  {
    "airborneBlend": 1,
    "phase": "falling",
    "scaleY": 1,
    "yOffset": -3.265306,
  },
  {
    "airborneBlend": 1,
    "phase": "falling",
    "scaleY": 1,
    "yOffset": 2.244898,
  },
  {
    "airborneBlend": 0.933333,
    "phase": "landing",
    "scaleY": 0.715,
    "yOffset": 8.095238,
  },
  {
    "airborneBlend": 0.866667,
    "phase": "landing",
    "scaleY": 0.74125,
    "yOffset": 8.095238,
  },
  {
    "airborneBlend": 0.8,
    "phase": "landing",
    "scaleY": 0.775187,
    "yOffset": 8.095238,
  },
  {
    "airborneBlend": 0.733333,
    "phase": "landing",
    "scaleY": 0.813578,
    "yOffset": 8.095238,
  },
  {
    "airborneBlend": 0.666667,
    "phase": "landing",
    "scaleY": 0.853612,
    "yOffset": 8.095238,
  },
  {
    "airborneBlend": 0.6,
    "phase": "landing",
    "scaleY": 0.892958,
    "yOffset": 8.095238,
  },
  {
    "airborneBlend": 0.533333,
    "phase": "landing",
    "scaleY": 0.929787,
    "yOffset": 8.095238,
  },
  {
    "airborneBlend": 0.466667,
    "phase": "landing",
    "scaleY": 0.962761,
    "yOffset": 8.095238,
  },
  {
    "airborneBlend": 0.4,
    "phase": "landing",
    "scaleY": 0.991002,
    "yOffset": 8.095238,
  },
  {
    "airborneBlend": 0.333333,
    "phase": "grounded",
    "scaleY": 1.014045,
    "yOffset": 8.095238,
  },
  {
    "airborneBlend": 0.266667,
    "phase": "grounded",
    "scaleY": 1.031777,
    "yOffset": 8.095238,
  },
  {
    "airborneBlend": 0.2,
    "phase": "grounded",
    "scaleY": 1.044374,
    "yOffset": 8.095238,
  },
  {
    "airborneBlend": 0.133333,
    "phase": "grounded",
    "scaleY": 1.052232,
    "yOffset": 8.095238,
  },
  {
    "airborneBlend": 0.066667,
    "phase": "grounded",
    "scaleY": 1.055908,
    "yOffset": 8.095238,
  },
  {
    "airborneBlend": 0,
    "phase": "grounded",
    "scaleY": 1.056053,
    "yOffset": 8.095238,
  },
  {
    "airborneBlend": 0,
    "phase": "grounded",
    "scaleY": 1.053366,
    "yOffset": 8.095238,
  },
  {
    "airborneBlend": 0,
    "phase": "grounded",
    "scaleY": 1.048548,
    "yOffset": 8.095238,
  },
  {
    "airborneBlend": 0,
    "phase": "grounded",
    "scaleY": 1.042267,
    "yOffset": 8.095238,
  },
  {
    "airborneBlend": 0,
    "phase": "grounded",
    "scaleY": 1.035128,
    "yOffset": 8.095238,
  },
  {
    "airborneBlend": 0,
    "phase": "grounded",
    "scaleY": 1.027661,
    "yOffset": 8.095238,
  },
  {
    "airborneBlend": 0,
    "phase": "grounded",
    "scaleY": 1.020304,
    "yOffset": 8.095238,
  },
  {
    "airborneBlend": 0,
    "phase": "grounded",
    "scaleY": 1.013403,
    "yOffset": 8.095238,
  },
  {
    "airborneBlend": 0,
    "phase": "grounded",
    "scaleY": 1.007213,
    "yOffset": 8.095238,
  },
  {
    "airborneBlend": 0,
    "phase": "grounded",
    "scaleY": 1.001899,
    "yOffset": 8.095238,
  },
  {
    "airborneBlend": 0,
    "phase": "grounded",
    "scaleY": 0.997554,
    "yOffset": 8.095238,
  },
  {
    "airborneBlend": 0,
    "phase": "grounded",
    "scaleY": 0.9942,
    "yOffset": 8.095238,
  },
  {
    "airborneBlend": 0,
    "phase": "grounded",
    "scaleY": 0.991806,
    "yOffset": 8.095238,
  },
  {
    "airborneBlend": 0,
    "phase": "grounded",
    "scaleY": 0.990302,
    "yOffset": 8.095238,
  },
  {
    "airborneBlend": 0,
    "phase": "grounded",
    "scaleY": 0.989582,
    "yOffset": 8.095238,
  },
  {
    "airborneBlend": 0,
    "phase": "grounded",
    "scaleY": 0.989528,
    "yOffset": 8.095238,
  },
  {
    "airborneBlend": 0,
    "phase": "grounded",
    "scaleY": 0.990008,
    "yOffset": 8.095238,
  },
  {
    "airborneBlend": 0,
    "phase": "grounded",
    "scaleY": 0.990892,
    "yOffset": 8.095238,
  },
  {
    "airborneBlend": 0,
    "phase": "grounded",
    "scaleY": 0.992054,
    "yOffset": 8.095238,
  },
  {
    "airborneBlend": 0,
    "phase": "grounded",
    "scaleY": 0.993381,
    "yOffset": 8.095238,
  },
  {
    "airborneBlend": 0,
    "phase": "grounded",
    "scaleY": 0.994774,
    "yOffset": 8.095238,
  },
  {
    "airborneBlend": 0,
    "phase": "grounded",
    "scaleY": 0.99615,
    "yOffset": 8.095238,
  },
  {
    "airborneBlend": 0,
    "phase": "grounded",
    "scaleY": 0.997442,
    "yOffset": 8.095238,
  },
  {
    "airborneBlend": 0,
    "phase": "grounded",
    "scaleY": 0.998605,
    "yOffset": 8.095238,
  },
  {
    "airborneBlend": 0,
    "phase": "grounded",
    "scaleY": 0.999604,
    "yOffset": 8.095238,
  },
  {
    "airborneBlend": 0,
    "phase": "grounded",
    "scaleY": 1.000423,
    "yOffset": 8.095238,
  },
  {
    "airborneBlend": 0,
    "phase": "grounded",
    "scaleY": 1.001058,
    "yOffset": 8.095238,
  },
  {
    "airborneBlend": 0,
    "phase": "grounded",
    "scaleY": 1.001512,
    "yOffset": 8.095238,
  },
  {
    "airborneBlend": 0,
    "phase": "grounded",
    "scaleY": 1.0018,
    "yOffset": 8.095238,
  },
  {
    "airborneBlend": 0,
    "phase": "grounded",
    "scaleY": 1.001941,
    "yOffset": 8.095238,
  },
  {
    "airborneBlend": 0,
    "phase": "grounded",
    "scaleY": 1.001956,
    "yOffset": 8.095238,
  },
  {
    "airborneBlend": 0,
    "phase": "grounded",
    "scaleY": 1.001871,
    "yOffset": 8.095238,
  },
  {
    "airborneBlend": 0,
    "phase": "grounded",
    "scaleY": 1.001709,
    "yOffset": 8.095238,
  },
  {
    "airborneBlend": 0,
    "phase": "grounded",
    "scaleY": 1.001494,
    "yOffset": 8.095238,
  },
  {
    "airborneBlend": 0,
    "phase": "grounded",
    "scaleY": 1.001247,
    "yOffset": 8.095238,
  },
  {
    "airborneBlend": 0,
    "phase": "grounded",
    "scaleY": 1.000987,
    "yOffset": 8.095238,
  },
  {
    "airborneBlend": 0,
    "phase": "grounded",
    "scaleY": 1.00073,
    "yOffset": 8.095238,
  },
  {
    "airborneBlend": 0,
    "phase": "grounded",
    "scaleY": 1.000488,
    "yOffset": 8.095238,
  },
  {
    "airborneBlend": 0,
    "phase": "grounded",
    "scaleY": 1.00027,
    "yOffset": 8.095238,
  },
  {
    "airborneBlend": 0,
    "phase": "grounded",
    "scaleY": 1.000082,
    "yOffset": 8.095238,
  },
  {
    "airborneBlend": 0,
    "phase": "grounded",
    "scaleY": 0.999927,
    "yOffset": 8.095238,
  },
  {
    "airborneBlend": 0,
    "phase": "grounded",
    "scaleY": 0.999807,
    "yOffset": 8.095238,
  },
  {
    "airborneBlend": 0,
    "phase": "grounded",
    "scaleY": 0.999721,
    "yOffset": 8.095238,
  },
  {
    "airborneBlend": 0,
    "phase": "grounded",
    "scaleY": 0.999666,
    "yOffset": 8.095238,
  },
  {
    "airborneBlend": 0,
    "phase": "grounded",
    "scaleY": 0.999638,
    "yOffset": 8.095238,
  },
  {
    "airborneBlend": 0,
    "phase": "grounded",
    "scaleY": 0.999635,
    "yOffset": 8.095238,
  },
  {
    "airborneBlend": 0,
    "phase": "grounded",
    "scaleY": 0.99965,
    "yOffset": 8.095238,
  },
  {
    "airborneBlend": 0,
    "phase": "grounded",
    "scaleY": 0.99968,
    "yOffset": 8.095238,
  },
  {
    "airborneBlend": 0,
    "phase": "grounded",
    "scaleY": 0.999719,
    "yOffset": 8.095238,
  },
  {
    "airborneBlend": 0,
    "phase": "grounded",
    "scaleY": 0.999765,
    "yOffset": 8.095238,
  },
  {
    "airborneBlend": 0,
    "phase": "grounded",
    "scaleY": 0.999814,
    "yOffset": 8.095238,
  },
  {
    "airborneBlend": 0,
    "phase": "grounded",
    "scaleY": 0.999862,
    "yOffset": 8.095238,
  },
  {
    "airborneBlend": 0,
    "phase": "grounded",
    "scaleY": 0.999907,
    "yOffset": 8.095238,
  },
  {
    "airborneBlend": 0,
    "phase": "grounded",
    "scaleY": 0.999948,
    "yOffset": 8.095238,
  },
  {
    "airborneBlend": 0,
    "phase": "grounded",
    "scaleY": 0.999983,
    "yOffset": 8.095238,
  },
  {
    "airborneBlend": 0,
    "phase": "grounded",
    "scaleY": 1.000012,
    "yOffset": 8.095238,
  },
  {
    "airborneBlend": 0,
    "phase": "grounded",
    "scaleY": 1.000035,
    "yOffset": 8.095238,
  },
  {
    "airborneBlend": 0,
    "phase": "grounded",
    "scaleY": 1.000051,
    "yOffset": 8.095238,
  },
  {
    "airborneBlend": 0,
    "phase": "grounded",
    "scaleY": 1.000062,
    "yOffset": 8.095238,
  },
  {
    "airborneBlend": 0,
    "phase": "grounded",
    "scaleY": 1.000067,
    "yOffset": 8.095238,
  },
  {
    "airborneBlend": 0,
    "phase": "grounded",
    "scaleY": 1.000068,
    "yOffset": 8.095238,
  },
  {
    "airborneBlend": 0,
    "phase": "grounded",
    "scaleY": 1.000066,
    "yOffset": 8.095238,
  },
  {
    "airborneBlend": 0,
    "phase": "grounded",
    "scaleY": 1.00006,
    "yOffset": 8.095238,
  },
  {
    "airborneBlend": 0,
    "phase": "grounded",
    "scaleY": 1.000053,
    "yOffset": 8.095238,
  },
  {
    "airborneBlend": 0,
    "phase": "grounded",
    "scaleY": 1.000044,
    "yOffset": 8.095238,
  },
  {
    "airborneBlend": 0,
    "phase": "grounded",
    "scaleY": 1.000035,
    "yOffset": 8.095238,
  },
  {
    "airborneBlend": 0,
    "phase": "grounded",
    "scaleY": 1.000026,
    "yOffset": 8.095238,
  },
  {
    "airborneBlend": 0,
    "phase": "grounded",
    "scaleY": 1.000018,
    "yOffset": 8.095238,
  },
]
`;
